// Jest Snapshot v1, https://goo.gl/fbAQLP

exports[`Default displaying "fail" 1`] = `
<div>
  <h1>
    Hello world!
  </h1>
</div>
`;
